kotlin version: 2.3.0
error message: java.nio.file.NoSuchFileException: /mnt/jetbrains/work/kotlin-mui-showcase/build/classes/kotlin/js/main
	at java.base/sun.nio.fs.UnixException.translateToIOException(UnixException.java:92)
	at java.base/sun.nio.fs.UnixException.rethrowAsIOException(UnixException.java:106)
	at java.base/sun.nio.fs.UnixException.rethrowAsIOException(UnixException.java:111)
	at java.base/sun.nio.fs.UnixFileSystemProvider.implDelete(UnixFileSystemProvider.java:291)
	at java.base/sun.nio.fs.AbstractFileSystemProvider.delete(AbstractFileSystemProvider.java:105)
	at java.base/java.nio.file.Files.delete(Files.java:1153)
	at org.jetbrains.kotlin.konan.file.File$deleteRecursively$1.invoke(File.kt:86)
	at org.jetbrains.kotlin.konan.file.File$deleteRecursively$1.invoke(File.kt:86)
	at org.jetbrains.kotlin.konan.file.File$postorder$1.postVisitDirectory(File.kt:116)
	at org.jetbrains.kotlin.konan.file.File$postorder$1.postVisitDirectory(File.kt:109)
	at java.base/java.nio.file.Files.walkFileTree(Files.java:2816)
	at java.base/java.nio.file.Files.walkFileTree(Files.java:2870)
	at org.jetbrains.kotlin.konan.file.File.postorder(File.kt:109)
	at org.jetbrains.kotlin.konan.file.File.deleteRecursively(File.kt:86)
	at org.jetbrains.kotlin.library.impl.BaseWriterImpl.<init>(KotlinLibraryWriterImpl.kt:43)
	at org.jetbrains.kotlin.library.impl.KotlinLibraryWriterImpl.<init>(KotlinLibraryWriterImpl.kt:106)
	at org.jetbrains.kotlin.library.impl.KotlinLibraryWriterImplKt.buildKotlinLibrary(KotlinLibraryWriterImpl.kt:128)
	at org.jetbrains.kotlin.library.impl.KotlinLibraryWriterImplKt.buildKotlinLibrary$default(KotlinLibraryWriterImpl.kt:111)
	at org.jetbrains.kotlin.ir.backend.js.KlibKt.serializeModuleIntoKlib(klib.kt:625)
	at org.jetbrains.kotlin.cli.pipeline.web.WebKlibSerializationPipelinePhase.serializeFirKlib(WebKlibSerializationPipelinePhase.kt:69)
	at org.jetbrains.kotlin.cli.pipeline.web.WebKlibSerializationPipelinePhase.executePhase(WebKlibSerializationPipelinePhase.kt:31)
	at org.jetbrains.kotlin.cli.pipeline.web.WebKlibSerializationPipelinePhase.executePhase(WebKlibSerializationPipelinePhase.kt:24)
	at org.jetbrains.kotlin.cli.pipeline.PipelinePhase.phaseBody(PipelinePhase.kt:68)
	at org.jetbrains.kotlin.cli.pipeline.PipelinePhase.phaseBody(PipelinePhase.kt:58)
	at org.jetbrains.kotlin.config.phaser.NamedCompilerPhase.invoke(CompilerPhase.kt:102)
	at org.jetbrains.kotlin.backend.common.phaser.CompositePhase.invoke(PhaseBuilders.kt:22)
	at org.jetbrains.kotlin.config.phaser.CompilerPhaseKt.invokeToplevel(CompilerPhase.kt:53)
	at org.jetbrains.kotlin.cli.pipeline.AbstractCliPipeline.runPhasedPipeline(AbstractCliPipeline.kt:109)
	at org.jetbrains.kotlin.cli.pipeline.AbstractCliPipeline.execute(AbstractCliPipeline.kt:68)
	at org.jetbrains.kotlin.cli.js.K2JSCompiler.doExecutePhased(K2JSCompiler.kt:65)
	at org.jetbrains.kotlin.cli.js.K2JSCompiler.doExecutePhased(K2JSCompiler.kt:52)
	at org.jetbrains.kotlin.cli.common.CLICompiler.execImpl(CLICompiler.kt:89)
	at org.jetbrains.kotlin.cli.common.CLICompiler.exec(CLICompiler.kt:359)
	at org.jetbrains.kotlin.incremental.IncrementalJsCompilerRunner.runCompiler(IncrementalJsCompilerRunner.kt:202)
	at org.jetbrains.kotlin.incremental.IncrementalJsCompilerRunner.runCompiler(IncrementalJsCompilerRunner.kt:77)
	at org.jetbrains.kotlin.incremental.IncrementalCompilerRunner.doCompile(IncrementalCompilerRunner.kt:504)
	at org.jetbrains.kotlin.incremental.IncrementalCompilerRunner.compileImpl(IncrementalCompilerRunner.kt:418)
	at org.jetbrains.kotlin.incremental.IncrementalCompilerRunner.compileNonIncrementally(IncrementalCompilerRunner.kt:301)
	at org.jetbrains.kotlin.incremental.IncrementalCompilerRunner.compile(IncrementalCompilerRunner.kt:128)
	at org.jetbrains.kotlin.incremental.IncrementalCompilerRunner.compile$default(IncrementalCompilerRunner.kt:108)
	at org.jetbrains.kotlin.daemon.CompileServiceImplBase.execJsIncrementalCompiler(CompileServiceImpl.kt:625)
	at org.jetbrains.kotlin.daemon.CompileServiceImplBase.access$execJsIncrementalCompiler(CompileServiceImpl.kt:94)
	at org.jetbrains.kotlin.daemon.CompileServiceImpl.compile(CompileServiceImpl.kt:1907)
	at java.base/jdk.internal.reflect.DirectMethodHandleAccessor.invoke(DirectMethodHandleAccessor.java:103)
	at java.base/java.lang.reflect.Method.invoke(Method.java:580)
	at java.rmi/sun.rmi.server.UnicastServerRef.dispatch(UnicastServerRef.java:360)
	at java.rmi/sun.rmi.transport.Transport$1.run(Transport.java:200)
	at java.rmi/sun.rmi.transport.Transport$1.run(Transport.java:197)
	at java.base/java.security.AccessController.doPrivileged(AccessController.java:714)
	at java.rmi/sun.rmi.transport.Transport.serviceCall(Transport.java:196)
	at java.rmi/sun.rmi.transport.tcp.TCPTransport.handleMessages(TCPTransport.java:598)
	at java.rmi/sun.rmi.transport.tcp.TCPTransport$ConnectionHandler.run0(TCPTransport.java:844)
	at java.rmi/sun.rmi.transport.tcp.TCPTransport$ConnectionHandler.lambda$run$0(TCPTransport.java:721)
	at java.base/java.security.AccessController.doPrivileged(AccessController.java:400)
	at java.rmi/sun.rmi.transport.tcp.TCPTransport$ConnectionHandler.run(TCPTransport.java:720)
	at java.base/java.util.concurrent.ThreadPoolExecutor.runWorker(ThreadPoolExecutor.java:1144)
	at java.base/java.util.concurrent.ThreadPoolExecutor$Worker.run(ThreadPoolExecutor.java:642)
	at java.base/java.lang.Thread.run(Thread.java:1583)


